{
   "apiVersion": "v1",
   "items": [
      {
         "apiVersion": "v1",
         "kind": "Namespace",
         "metadata": {
            "labels": {
               "pod-security.kubernetes.io/enforce": "restricted",
               "pod-security.kubernetes.io/enforce-version": "latest",
               "pod-security.kubernetes.io/warn": "restricted",
               "pod-security.kubernetes.io/warn-version": "latest"
            },
            "name": "docspell"
         }
      },
      {
         "apiVersion": "onepassword.com/v1",
         "kind": "OnePasswordItem",
         "metadata": {
            "name": "db-creds"
         },
         "spec": {
            "itemPath": "vaults/rhea/items/f2k4enieu2fbfeuacqlhqytwh4"
         }
      },
      {
         "apiVersion": "onepassword.com/v1",
         "kind": "OnePasswordItem",
         "metadata": {
            "name": "docspell-auth"
         },
         "spec": {
            "itemPath": "vaults/rhea/items/qk6xszgwadwt4s5ayrwmy4xqty"
         }
      },
      {
         "apiVersion": "networking.k8s.io/v1",
         "kind": "Ingress",
         "metadata": {
            "annotations": {
               "cert-manager.io/cluster-issuer": "letsencrypt-production",
               "nginx.ingress.kubernetes.io/proxy-body-size": "8m"
            },
            "name": "dms-mhnet-app"
         },
         "spec": {
            "rules": [
               {
                  "host": "dms.mhnet.app",
                  "http": {
                     "paths": [
                        {
                           "backend": {
                              "service": {
                                 "name": "restserver",
                                 "port": {
                                    "name": "restserver"
                                 }
                              }
                           },
                           "path": "/",
                           "pathType": "Prefix"
                        }
                     ]
                  }
               }
            ],
            "tls": [
               {
                  "hosts": [
                     "dms.mhnet.app"
                  ],
                  "secretName": "dms-mhnet-app-tls"
               }
            ]
         }
      },
      {
         "apiVersion": "v1",
         "kind": "Service",
         "metadata": {
            "labels": {
               "app": "restserver"
            },
            "name": "restserver"
         },
         "spec": {
            "clusterIP": "None",
            "ports": [
               {
                  "name": "restserver",
                  "port": 7880
               }
            ],
            "selector": {
               "app": "restserver"
            },
            "type": "ClusterIP"
         }
      },
      {
         "apiVersion": "apps/v1",
         "kind": "StatefulSet",
         "metadata": {
            "labels": {
               "app": "restserver",
               "app.kubernetes.io/component": "restserver"
            },
            "name": "restserver"
         },
         "spec": {
            "revisionHistoryLimit": 1,
            "selector": {
               "matchLabels": {
                  "app": "restserver",
                  "app.kubernetes.io/component": "restserver"
               }
            },
            "serviceName": "restserver",
            "template": {
               "metadata": {
                  "labels": {
                     "app": "restserver",
                     "app.kubernetes.io/component": "restserver"
                  }
               },
               "spec": {
                  "automountServiceAccountToken": false,
                  "containers": [
                     {
                        "env": [
                           {
                              "name": "DOCSPELL_SERVER_BACKEND_JDBC_PASSWORD",
                              "valueFrom": {
                                 "secretKeyRef": {
                                    "key": "PASSWORD",
                                    "name": "db-creds"
                                 }
                              }
                           },
                           {
                              "name": "DOCSPELL_SERVER_BACKEND_JDBC_URL",
                              "valueFrom": {
                                 "secretKeyRef": {
                                    "key": "URL",
                                    "name": "db-creds"
                                 }
                              }
                           },
                           {
                              "name": "DOCSPELL_SERVER_BACKEND_JDBC_USER",
                              "valueFrom": {
                                 "secretKeyRef": {
                                    "key": "USER",
                                    "name": "db-creds"
                                 }
                              }
                           },
                           {
                              "name": "POD_NAME",
                              "valueFrom": {
                                 "fieldRef": {
                                    "fieldPath": "metadata.name"
                                 }
                              }
                           },
                           {
                              "name": "POD_NAMESPACE",
                              "valueFrom": {
                                 "fieldRef": {
                                    "fieldPath": "metadata.namespace"
                                 }
                              }
                           },
                           {
                              "name": "DOCSPELL_SERVER_APP__NAME",
                              "value": "mhnet DMS"
                           },
                           {
                              "name": "DOCSPELL_SERVER_BASE__URL",
                              "value": "https://dms.mhnet.app"
                           },
                           {
                              "name": "DOCSPELL_SERVER_BIND_ADDRESS",
                              "value": "0.0.0.0"
                           },
                           {
                              "name": "DOCSPELL_SERVER_FULL__TEXT__SEARCH_BACKEND",
                              "value": "solr"
                           },
                           {
                              "name": "DOCSPELL_SERVER_FULL__TEXT__SEARCH_ENABLED",
                              "value": "true"
                           },
                           {
                              "name": "DOCSPELL_SERVER_FULL__TEXT__SEARCH_SOLR_URL",
                              "value": "http://solr:8983/solr/docspell"
                           },
                           {
                              "name": "DOCSPELL_SERVER_INTERNAL__URL",
                              "value": "http://restserver:7880"
                           },
                           {
                              "name": "TZ",
                              "value": "Europe/Zurich"
                           },
                           {
                              "name": "DOCSPELL_SERVER_APP__ID",
                              "value": "$(POD_NAME)"
                           }
                        ],
                        "envFrom": [
                           {
                              "secretRef": {
                                 "name": "docspell-auth"
                              }
                           }
                        ],
                        "image": "ghcr.io/docspell/restserver:v0.43.0",
                        "livenessProbe": {
                           "tcpSocket": {
                              "port": 7880
                           }
                        },
                        "name": "restserver",
                        "ports": [
                           {
                              "containerPort": 7880,
                              "name": "restserver"
                           }
                        ],
                        "readinessProbe": {
                           "tcpSocket": {
                              "port": 7880
                           }
                        },
                        "securityContext": {
                           "allowPrivilegeEscalation": false,
                           "capabilities": {
                              "drop": [
                                 "ALL"
                              ]
                           }
                        },
                        "startupProbe": {
                           "failureThreshold": 30,
                           "tcpSocket": {
                              "port": 7880
                           }
                        },
                        "volumeMounts": [ ]
                     }
                  ],
                  "enableServiceLinks": false,
                  "initContainers": [ ],
                  "securityContext": {
                     "runAsGroup": 594600,
                     "runAsNonRoot": true,
                     "runAsUser": 594600,
                     "seccompProfile": {
                        "type": "RuntimeDefault"
                     }
                  },
                  "volumes": [ ]
               }
            },
            "volumeClaimTemplates": [ ]
         }
      },
      {
         "apiVersion": "v1",
         "kind": "Service",
         "metadata": {
            "labels": {
               "app": "joex"
            },
            "name": "joex"
         },
         "spec": {
            "clusterIP": "None",
            "ports": [
               {
                  "name": "joex",
                  "port": 7878
               }
            ],
            "selector": {
               "app": "joex"
            },
            "type": "ClusterIP"
         }
      },
      {
         "apiVersion": "apps/v1",
         "kind": "StatefulSet",
         "metadata": {
            "labels": {
               "app": "joex",
               "app.kubernetes.io/component": "joex"
            },
            "name": "joex"
         },
         "spec": {
            "revisionHistoryLimit": 1,
            "selector": {
               "matchLabels": {
                  "app": "joex",
                  "app.kubernetes.io/component": "joex"
               }
            },
            "serviceName": "joex",
            "template": {
               "metadata": {
                  "labels": {
                     "app": "joex",
                     "app.kubernetes.io/component": "joex"
                  }
               },
               "spec": {
                  "automountServiceAccountToken": false,
                  "containers": [
                     {
                        "env": [
                           {
                              "name": "DOCSPELL_JOEX_JDBC_PASSWORD",
                              "valueFrom": {
                                 "secretKeyRef": {
                                    "key": "PASSWORD",
                                    "name": "db-creds"
                                 }
                              }
                           },
                           {
                              "name": "DOCSPELL_JOEX_JDBC_URL",
                              "valueFrom": {
                                 "secretKeyRef": {
                                    "key": "URL",
                                    "name": "db-creds"
                                 }
                              }
                           },
                           {
                              "name": "DOCSPELL_JOEX_JDBC_USER",
                              "valueFrom": {
                                 "secretKeyRef": {
                                    "key": "USER",
                                    "name": "db-creds"
                                 }
                              }
                           },
                           {
                              "name": "POD_NAME",
                              "valueFrom": {
                                 "fieldRef": {
                                    "fieldPath": "metadata.name"
                                 }
                              }
                           },
                           {
                              "name": "POD_NAMESPACE",
                              "valueFrom": {
                                 "fieldRef": {
                                    "fieldPath": "metadata.namespace"
                                 }
                              }
                           },
                           {
                              "name": "DOCSPELL_JOEX_BASE__URL",
                              "value": "http://joex:7878"
                           },
                           {
                              "name": "DOCSPELL_JOEX_BIND_ADDRESS",
                              "value": "0.0.0.0"
                           },
                           {
                              "name": "DOCSPELL_JOEX_FULL__TEXT__SEARCH_BACKEND",
                              "value": "solr"
                           },
                           {
                              "name": "DOCSPELL_JOEX_FULL__TEXT__SEARCH_ENABLED",
                              "value": "true"
                           },
                           {
                              "name": "DOCSPELL_JOEX_FULL__TEXT__SEARCH_SOLR_URL",
                              "value": "http://solr:8983/solr/docspell"
                           },
                           {
                              "name": "TZ",
                              "value": "Europe/Zurich"
                           },
                           {
                              "name": "DOCSPELL_JOEX_APP__ID",
                              "value": "$(POD_NAME)"
                           },
                           {
                              "name": "DOCSPELL_JOEX_PERIODIC__SCHEDULER_NAME",
                              "value": "$(POD_NAME)"
                           },
                           {
                              "name": "DOCSPELL_JOEX_SCHEDULER_NAME",
                              "value": "$(POD_NAME)"
                           }
                        ],
                        "envFrom": [ ],
                        "image": "ghcr.io/docspell/joex:v0.43.0",
                        "livenessProbe": {
                           "tcpSocket": {
                              "port": 7878
                           }
                        },
                        "name": "joex",
                        "ports": [
                           {
                              "containerPort": 7878,
                              "name": "joex"
                           }
                        ],
                        "readinessProbe": {
                           "tcpSocket": {
                              "port": 7878
                           }
                        },
                        "securityContext": {
                           "allowPrivilegeEscalation": false,
                           "capabilities": {
                              "drop": [
                                 "ALL"
                              ]
                           }
                        },
                        "startupProbe": {
                           "failureThreshold": 30,
                           "tcpSocket": {
                              "port": 7878
                           }
                        },
                        "volumeMounts": [ ]
                     }
                  ],
                  "enableServiceLinks": false,
                  "initContainers": [ ],
                  "securityContext": {
                     "runAsGroup": 241136,
                     "runAsNonRoot": true,
                     "runAsUser": 241136,
                     "seccompProfile": {
                        "type": "RuntimeDefault"
                     }
                  },
                  "volumes": [ ]
               }
            },
            "volumeClaimTemplates": [ ]
         }
      },
      {
         "apiVersion": "v1",
         "kind": "Service",
         "metadata": {
            "labels": {
               "app": "solr"
            },
            "name": "solr"
         },
         "spec": {
            "clusterIP": "None",
            "ports": [
               {
                  "name": "solr",
                  "port": 8983
               }
            ],
            "selector": {
               "app": "solr"
            },
            "type": "ClusterIP"
         }
      },
      {
         "apiVersion": "apps/v1",
         "kind": "StatefulSet",
         "metadata": {
            "labels": {
               "app": "solr",
               "app.kubernetes.io/component": "solr"
            },
            "name": "solr"
         },
         "spec": {
            "revisionHistoryLimit": 1,
            "selector": {
               "matchLabels": {
                  "app": "solr",
                  "app.kubernetes.io/component": "solr"
               }
            },
            "serviceName": "solr",
            "template": {
               "metadata": {
                  "labels": {
                     "app": "solr",
                     "app.kubernetes.io/component": "solr"
                  }
               },
               "spec": {
                  "automountServiceAccountToken": false,
                  "containers": [
                     {
                        "command": [
                           "solr",
                           "-f",
                           "--user-managed",
                           "-Dsolr.modules=analysis-extras"
                        ],
                        "env": [ ],
                        "envFrom": [ ],
                        "image": "docker.io/library/solr:9",
                        "livenessProbe": {
                           "tcpSocket": {
                              "port": 8983
                           }
                        },
                        "name": "solr",
                        "ports": [
                           {
                              "containerPort": 8983,
                              "name": "solr"
                           }
                        ],
                        "readinessProbe": {
                           "httpGet": {
                              "path": "/solr/docspell/admin/ping",
                              "port": 8983
                           }
                        },
                        "securityContext": {
                           "allowPrivilegeEscalation": false,
                           "capabilities": {
                              "drop": [
                                 "ALL"
                              ]
                           }
                        },
                        "startupProbe": {
                           "failureThreshold": 30,
                           "httpGet": {
                              "path": "/solr/docspell/admin/ping",
                              "port": 8983
                           }
                        },
                        "volumeMounts": [
                           {
                              "mountPath": "/var/solr",
                              "name": "data"
                           }
                        ]
                     }
                  ],
                  "enableServiceLinks": false,
                  "initContainers": [
                     {
                        "command": [
                           "/bin/sh",
                           "-c",
                           "mkdir -pv /var/solr/data; precreate-core docspell"
                        ],
                        "image": "docker.io/library/solr:9",
                        "name": "precreate-core",
                        "securityContext": {
                           "allowPrivilegeEscalation": false,
                           "capabilities": {
                              "drop": [
                                 "ALL"
                              ]
                           }
                        },
                        "volumeMounts": [
                           {
                              "mountPath": "/var/solr",
                              "name": "data"
                           }
                        ]
                     }
                  ],
                  "securityContext": {
                     "runAsGroup": 163868,
                     "runAsNonRoot": true,
                     "runAsUser": 163868,
                     "seccompProfile": {
                        "type": "RuntimeDefault"
                     }
                  },
                  "volumes": [
                     {
                        "name": "data",
                        "persistentVolumeClaim": {
                           "claimName": "data"
                        }
                     }
                  ]
               }
            },
            "volumeClaimTemplates": [
               {
                  "apiVersion": "v1",
                  "kind": "PersistentVolumeClaim",
                  "metadata": {
                     "name": "data"
                  },
                  "spec": {
                     "accessModes": [
                        "ReadWriteOnce"
                     ],
                     "resources": {
                        "requests": {
                           "storage": "1Gi"
                        }
                     }
                  }
               }
            ]
         }
      }
   ],
   "kind": "List"
}
