{
   "apiVersion": "v1",
   "items": [
      {
         "apiVersion": "v1",
         "kind": "Namespace",
         "metadata": {
            "labels": {
               "pod-security.kubernetes.io/enforce": "restricted",
               "pod-security.kubernetes.io/enforce-version": "latest",
               "pod-security.kubernetes.io/warn": "restricted",
               "pod-security.kubernetes.io/warn-version": "latest"
            },
            "name": "vikunja"
         }
      },
      {
         "apiVersion": "onepassword.com/v1",
         "kind": "OnePasswordItem",
         "metadata": {
            "name": "vikunja-env"
         },
         "spec": {
            "itemPath": "vaults/rhea/items/vikunja-env"
         }
      },
      {
         "apiVersion": "networking.k8s.io/v1",
         "kind": "Ingress",
         "metadata": {
            "annotations": {
               "cert-manager.io/cluster-issuer": "letsencrypt-production"
            },
            "name": "todo-mhnet-app"
         },
         "spec": {
            "rules": [
               {
                  "host": "todo.mhnet.app",
                  "http": {
                     "paths": [
                        {
                           "backend": {
                              "service": {
                                 "name": "vikunja",
                                 "port": {
                                    "name": "http"
                                 }
                              }
                           },
                           "path": "/",
                           "pathType": "Prefix"
                        }
                     ]
                  }
               }
            ],
            "tls": [
               {
                  "hosts": [
                     "todo.mhnet.app"
                  ],
                  "secretName": "todo-mhnet-app-tls"
               }
            ]
         }
      },
      {
         "apiVersion": "v1",
         "kind": "Service",
         "metadata": {
            "labels": {
               "app": "vikunja"
            },
            "name": "vikunja"
         },
         "spec": {
            "clusterIP": "None",
            "ports": [
               {
                  "name": "http",
                  "port": 3456
               }
            ],
            "selector": {
               "app": "vikunja"
            },
            "type": "ClusterIP"
         }
      },
      {
         "apiVersion": "apps/v1",
         "kind": "StatefulSet",
         "metadata": {
            "labels": {
               "app": "vikunja",
               "app.kubernetes.io/component": "vikunja"
            },
            "name": "vikunja"
         },
         "spec": {
            "revisionHistoryLimit": 1,
            "selector": {
               "matchLabels": {
                  "app": "vikunja",
                  "app.kubernetes.io/component": "vikunja"
               }
            },
            "serviceName": "vikunja",
            "template": {
               "metadata": {
                  "labels": {
                     "app": "vikunja",
                     "app.kubernetes.io/component": "vikunja"
                  }
               },
               "spec": {
                  "automountServiceAccountToken": false,
                  "containers": [
                     {
                        "env": [
                           {
                              "name": "VIKUNJA_AUTH_LOCAL_ENABLED",
                              "value": "false"
                           },
                           {
                              "name": "VIKUNJA_AUTH_OPENID_ENABLED",
                              "value": "true"
                           },
                           {
                              "name": "VIKUNJA_AUTH_OPENID_PROVIDERS_POCKETID_AUTHURL",
                              "value": "https://id.mhnet.app"
                           },
                           {
                              "name": "VIKUNJA_AUTH_OPENID_PROVIDERS_POCKETID_NAME",
                              "value": "mhnet ID"
                           },
                           {
                              "name": "VIKUNJA_DATABASE_DATABASE",
                              "value": "vikunja"
                           },
                           {
                              "name": "VIKUNJA_DATABASE_HOST",
                              "value": "psql.psql.svc.cluster.local"
                           },
                           {
                              "name": "VIKUNJA_DATABASE_TYPE",
                              "value": "postgres"
                           },
                           {
                              "name": "VIKUNJA_DATABASE_USER",
                              "value": "vikunja"
                           },
                           {
                              "name": "VIKUNJA_SERVICE_PUBLICURL",
                              "value": "https://todo.mhnet.app/"
                           }
                        ],
                        "envFrom": [
                           {
                              "secretRef": {
                                 "name": "vikunja-env"
                              }
                           }
                        ],
                        "image": "docker.io/vikunja/vikunja:unstable@sha256:24a6fc2d7bc536ae332033dcac9765a4729a890f4de3ff48a95a78124c037b69",
                        "livenessProbe": {
                           "tcpSocket": {
                              "port": 3456
                           }
                        },
                        "name": "vikunja",
                        "ports": [
                           {
                              "containerPort": 3456,
                              "name": "http"
                           }
                        ],
                        "readinessProbe": {
                           "tcpSocket": {
                              "port": 3456
                           }
                        },
                        "securityContext": {
                           "allowPrivilegeEscalation": false,
                           "capabilities": {
                              "drop": [
                                 "ALL"
                              ]
                           }
                        },
                        "startupProbe": {
                           "failureThreshold": 30,
                           "tcpSocket": {
                              "port": 3456
                           }
                        },
                        "volumeMounts": [
                           {
                              "mountPath": "/app/vikunja/files",
                              "name": "files"
                           }
                        ]
                     }
                  ],
                  "enableServiceLinks": false,
                  "initContainers": [ ],
                  "securityContext": {
                     "runAsGroup": 903603,
                     "runAsNonRoot": true,
                     "runAsUser": 903603,
                     "seccompProfile": {
                        "type": "RuntimeDefault"
                     }
                  },
                  "volumes": [
                     {
                        "name": "files",
                        "persistentVolumeClaim": {
                           "claimName": "files"
                        }
                     }
                  ]
               }
            },
            "volumeClaimTemplates": [
               {
                  "apiVersion": "v1",
                  "kind": "PersistentVolumeClaim",
                  "metadata": {
                     "name": "files"
                  },
                  "spec": {
                     "accessModes": [
                        "ReadWriteOnce"
                     ],
                     "resources": {
                        "requests": {
                           "storage": "1Gi"
                        }
                     }
                  }
               }
            ]
         }
      }
   ],
   "kind": "List"
}
